pipelines:created
quad_VERTEX_LAYOUT0.arrayStride=8
quad_VERTEX_LAYOUT0.stepMode=vertex
position.shaderLocation=0
quad_VERTEX_LAYOUT1.arrayStride=32
quad_VERTEX_LAYOUT1.stepMode=instance
offset.offset=0
offset.shaderLocation=1
color.offset=16
color.shaderLocation=2
tri_VERTEX_LAYOUT0.arrayStride=8
tri_TARGET_FORMAT=rgba8unorm
quad_WGSL_LINES=24
tri_WGSL_LINES=19
drawIndexed:submitted
draw:submitted
PASS
